0 verbose cli /usr/local/nvm/versions/node/v24.21.0/bin/node /usr/local/nvm/versions/node/v24.21.0/bin/npm
1 info using npm@12.0.2
2 info using node@v24.21.0
3 silly config load:file:/usr/local/nvm/versions/node/v24.21.0/lib/node_modules/npm/npmrc
4 silly config load:file:/home/prachaya2547/.npmrc
5 silly config load:file:/usr/local/nvm/versions/node/v24.21.0/etc/npmrc
6 verbose title npm init
7 verbose argv "init"
8 verbose logfile logs-max:10 dir:/home/prachaya2547/.npm/_logs/2026-09-25T09_35_38_791Z-
9 verbose logfile /home/prachaya2547/.npm/_logs/2026-09-25T09_35_38_791Z-debug-0.log
10 silly logfile done cleaning log files
11 http fetch GET 200 https://registry.npmjs.org/npm 7831ms
12 silly package data {
12 silly package data   name: 'prachaya2547',
12 silly package data   version: '1.0.0',
12 silly package data   description: '',
12 silly package data   main: 'index.js',
12 silly package data   scripts: { test: 'echo "Error: no test specified" && exit 1' },
12 silly package data   type: 'commonjs'
12 silly package data }
13 verbose cwd /home/prachaya2547
14 verbose os Linux 6.6.153+
15 verbose node v24.21.0
16 verbose npm  v12.0.2
17 notice
17 notice New [33mminor[39m version of npm available! [33m12.0.2[39m -> [34m12.1.0[39m
17 notice Changelog: [34mhttps://github.com/npm/cli/releases/tag/v12.1.0[39m
17 notice To update run: [4mnpm install -g npm@12.1.0[24m
17 notice  { force: true, Symbol(proc-log.meta): true }
18 verbose exit 0
19 info ok
