0 verbose cli /usr/local/nvm/versions/node/v24.21.0/bin/node /usr/local/nvm/versions/node/v24.21.0/bin/npm
1 info using npm@12.0.2
2 info using node@v24.21.0
3 silly config load:file:/usr/local/nvm/versions/node/v24.21.0/lib/node_modules/npm/npmrc
4 silly config load:file:/home/prachaya2547/.npmrc
5 silly config load:file:/usr/local/nvm/versions/node/v24.21.0/etc/npmrc
6 verbose title npm init
7 verbose argv "init" "--yes"
8 verbose logfile logs-max:10 dir:/home/prachaya2547/.npm/_logs/2026-09-25T09_38_19_861Z-
9 verbose logfile /home/prachaya2547/.npm/_logs/2026-09-25T09_38_19_861Z-debug-0.log
10 silly logfile done cleaning log files
11 silly package data {
11 silly package data   name: 'prachaya2547',
11 silly package data   version: '1.0.0',
11 silly package data   description: '',
11 silly package data   type: 'commonjs',
11 silly package data   main: 'index.js',
11 silly package data   scripts: { test: 'echo "Error: no test specified" && exit 1' },
11 silly package data   keywords: [],
11 silly package data   Symbol(newline): '\n',
11 silly package data   Symbol(indent): '  '
11 silly package data }
12 verbose cwd /home/prachaya2547
13 verbose os Linux 6.6.153+
14 verbose node v24.21.0
15 verbose npm  v12.0.2
16 verbose exit 0
17 info ok
